
> vite_react_shadcn_ts@0.0.0 build
> vite build

[36mvite v5.4.19 [32mbuilding for production...[36m[39m
transforming...
[32mÔ£ô[39m 2603 modules transformed.
rendering chunks...
computing gzip size...
[2mdist/[22m[32mmanifest.webmanifest                        [39m[1m[2m  0.26 kB[22m[1m[22m
[2mdist/[22m[32mindex.html                                  [39m[1m[2m  0.90 kB[22m[1m[22m[2m Ôöé gzip:   0.42 kB[22m
[2mdist/[22m[35massets/index-CuwoqwsP.css                   [39m[1m[2m 81.78 kB[22m[1m[22m[2m Ôöé gzip:  14.21 kB[22m
[2mdist/[22m[36massets/virtual_pwa-register-DDiTGr3i.js     [39m[1m[2m  0.76 kB[22m[1m[22m[2m Ôöé gzip:   0.46 kB[22m
[2mdist/[22m[36massets/index-DZ50Q_Nw.js                    [39m[1m[2m  3.23 kB[22m[1m[22m[2m Ôöé gzip:   1.29 kB[22m
[2mdist/[22m[36massets/workbox-window.prod.es5-vqzQaGvo.js  [39m[1m[2m  5.72 kB[22m[1m[22m[2m Ôöé gzip:   2.35 kB[22m
[2mdist/[22m[36massets/index-CqoRhEWd.js                    [39m[1m[33m731.44 kB[39m[22m[2m Ôöé gzip: 204.70 kB[22m
node.exe : [33m
No linha:1 caractere:1
+ & "C:\Program Files\nodejs/node.exe" "C:\Program 
Files\nodejs/node_mo ...
+ 
~~~~~~~~~~~~~~~~~~~~~~~~~~~~~~~~~~~~~~~~~~~~~~~~~~~~~~~~~~~~~~~~~~~~~
    + CategoryInfo          : NotSpecified: ([33m:String) [], Remot 
   eException
    + FullyQualifiedErrorId : NativeCommandError
 
(!) Some chunks are larger than 500 kB after minification. Consider:
- Using dynamic import() to code-split the application
- Use build.rollupOptions.output.manualChunks to improve chunking: 
https://rollupjs.org/configuration-options/#output-manualchunks
- Adjust chunk size limit for this warning via 
build.chunkSizeWarningLimit.[39m
[32mÔ£ô built in 1m 2s[39m

PWA v1.2.0
mode      generateSW
precache  11 entries (805.67 KiB)
files generated
  dist/sw.js
  dist/workbox-354287e6.js
